###############################################################
#  Generated by:      Cadence Innovus 21.19-s058_1
#  OS:                Linux x86_64(Host ID il2225ht25_jacome)
#  Generated on:      Fri Jan  2 08:40:12 2026
#  Design:            drra_wrapper
#  Command:           assemble_design -block_dir ../phy/db/part/Silago_bot_right_corner.enc.dat/pnr -encounter_format
###############################################################
*** assembleDesign summary ***
* Assembled 1 partition(s): Silago_bot_right_corner
* The design drra_wrapper contains 16 partition(s).

* Details for all partitions
Partition Silago_top_left_corner
  State: HInst
  Number of references: 1
  Master: Silago_top_l_corner_inst_0_0 IsRowsNative 1
Partition Silago_top_0
  State: HInst
  Number of references: 1
  Master: Silago_top_inst_6_0 IsRowsNative 1
Partition Silago_top_1
  State: HInst
  Number of references: 1
  Master: Silago_top_inst_5_0 IsRowsNative 1
Partition Silago_top_2
  State: HInst
  Number of references: 1
  Master: Silago_top_inst_4_0 IsRowsNative 1
Partition Silago_top_3
  State: HInst
  Number of references: 1
  Master: Silago_top_inst_3_0 IsRowsNative 1
Partition Silago_top_4
  State: HInst
  Number of references: 1
  Master: Silago_top_inst_2_0 IsRowsNative 1
Partition Silago_top_5
  State: HInst
  Number of references: 1
  Master: Silago_top_inst_1_0 IsRowsNative 1
Partition Silago_top_right_corner
  State: HInst
  Number of references: 1
  Master: Silago_top_r_corner_inst_7_0 IsRowsNative 1
Partition Silago_bot_left_corner
  State: HInst
  Number of references: 1
  Master: Silago_bot_l_corner_inst_0_1 IsRowsNative 1
Partition Silago_bot_0
  State: HInst
  Number of references: 1
  Master: Silago_bot_inst_6_1 IsRowsNative 1
Partition Silago_bot_1
  State: HInst
  Number of references: 1
  Master: Silago_bot_inst_5_1 IsRowsNative 1
Partition Silago_bot_2
  State: HInst
  Number of references: 1
  Master: Silago_bot_inst_4_1 IsRowsNative 1
Partition Silago_bot_3
  State: HInst
  Number of references: 1
  Master: Silago_bot_inst_3_1 IsRowsNative 1
Partition Silago_bot_4
  State: HInst
  Number of references: 1
  Master: Silago_bot_inst_2_1 IsRowsNative 1
Partition Silago_bot_5
  State: HInst
  Number of references: 1
  Master: Silago_bot_inst_1_1 IsRowsNative 1
Partition Silago_bot_right_corner
  State: HInst
  Number of references: 1
  Master: Silago_bot_r_corner_inst_7_1 IsRowsNative 1
