/opt/tools/synopsys/syn/V-2023.12-SP4/auxx/gui/dv/dv_setup.tcl
/opt/tools/synopsys/syn/V-2023.12-SP4/auxx/gui/syn/snpsSynProcs.tcl
/opt/tools/synopsys/syn/V-2023.12-SP4/auxx/gui/syn/layout/pkgIndex.tcl
/opt/tools/synopsys/syn/V-2023.12-SP4/auxx/gui/common/timing/pkgIndex.tcl
/opt/tools/synopsys/syn/V-2023.12-SP4/auxx/gui/common/regressionToolkit/pkgIndex.tcl
/opt/tools/synopsys/syn/V-2023.12-SP4/auxx/gui/common/qtcl/pkgIndex.tcl
/opt/tools/synopsys/syn/V-2023.12-SP4/auxx/gui/common/3dic/pkgIndex.tcl
/opt/tools/synopsys/syn/V-2023.12-SP4/auxx/gui/common/select/pkgIndex.tcl
/opt/tools/synopsys/syn/V-2023.12-SP4/auxx/gui/common/strokes/pkgIndex.tcl
/opt/tools/synopsys/syn/V-2023.12-SP4/auxx/gui/common/3dlayout/pkgIndex.tcl
/opt/tools/synopsys/syn/V-2023.12-SP4/auxx/gui/common/libviewer/pkgIndex.tcl
/opt/tools/synopsys/syn/V-2023.12-SP4/auxx/gui/common/docBrowser/pkgIndex.tcl
/opt/tools/synopsys/syn/V-2023.12-SP4/auxx/gui/common/hierAttrView/pkgIndex.tcl
/opt/tools/synopsys/syn/V-2023.12-SP4/auxx/gui/common/3dmodel/pkgIndex.tcl
/opt/tools/synopsys/syn/V-2023.12-SP4/auxx/gui/common/tq/pkgIndex.tcl
/opt/tools/synopsys/syn/V-2023.12-SP4/auxx/gui/common/palettegroup/pkgIndex.tcl
/opt/tools/synopsys/syn/V-2023.12-SP4/auxx/gui/common/table/pkgIndex.tcl
/opt/tools/synopsys/syn/V-2023.12-SP4/auxx/gui/common/charts/pkgIndex.tcl
/opt/tools/synopsys/syn/V-2023.12-SP4/auxx/gui/common/propertyEditor/pkgIndex.tcl
/opt/tools/synopsys/syn/V-2023.12-SP4/auxx/gui/common/misc/pkgIndex.tcl
/opt/tools/synopsys/syn/V-2023.12-SP4/auxx/gui/common/dialogs/pkgIndex.tcl
/opt/tools/synopsys/syn/V-2023.12-SP4/auxx/gui/common/opdlg/pkgIndex.tcl
/opt/tools/synopsys/syn/V-2023.12-SP4/auxx/gui/common/WindowFrameWork/pkgIndex.tcl
/opt/tools/synopsys/syn/V-2023.12-SP4/auxx/gui/common/layout/pkgIndex.tcl
/opt/tools/synopsys/syn/V-2023.12-SP4/auxx/gui/common/mrupalette/pkgIndex.tcl
/opt/tools/synopsys/syn/V-2023.12-SP4/auxx/gui/common/menus/pkgIndex.tcl
/opt/tools/synopsys/syn/V-2023.12-SP4/auxx/gui/common/rtlxref/pkgIndex.tcl
/opt/tools/synopsys/syn/V-2023.12-SP4/auxx/gui/common/tcl-dp/pkgIndex.tcl
/opt/tools/synopsys/syn/V-2023.12-SP4/auxx/gui/common/view/pkgIndex.tcl
/opt/tools/synopsys/syn/V-2023.12-SP4/auxx/gui/common/hierarchy/pkgIndex.tcl
/opt/tools/synopsys/syn/V-2023.12-SP4/auxx/gui/common/histogram/pkgIndex.tcl
/opt/tools/synopsys/syn/V-2023.12-SP4/auxx/gui/common/setup/pkgIndex.tcl
/opt/tools/synopsys/syn/V-2023.12-SP4/auxx/gui/common/commandform/pkgIndex.tcl
/opt/tools/synopsys/syn/V-2023.12-SP4/auxx/gui/common/highlight/pkgIndex.tcl
/opt/tools/synopsys/syn/V-2023.12-SP4/auxx/gui/common/schematic/pkgIndex.tcl
/opt/tools/synopsys/syn/V-2023.12-SP4/auxx/gui/common/taskassistant/pkgIndex.tcl
/opt/tools/synopsys/syn/V-2023.12-SP4/auxx/gui/common/utable/pkgIndex.tcl
/opt/tools/synopsys/syn/V-2023.12-SP4/auxx/gui/common/acg/pkgIndex.tcl
/opt/tools/synopsys/syn/V-2023.12-SP4/auxx/gui/common/tiledview/pkgIndex.tcl
/opt/tools/synopsys/syn/V-2023.12-SP4/auxx/gui/dv/pkgIndex.tcl
/opt/tools/synopsys/syn/V-2023.12-SP4/auxx/syn/lib/pkgIndex.tcl
/opt/tools/synopsys/syn/V-2023.12-SP4/auxx/tcllib/lib/iwidgets4.1/pkgIndex.tcl
/opt/tools/synopsys/syn/V-2023.12-SP4/auxx/tcllib/lib/itcl4.2.1/pkgIndex.tcl
/opt/tools/synopsys/syn/V-2023.12-SP4/auxx/tcllib/snps_tcl/snpsUtils/pkgIndex.tcl
/opt/tools/synopsys/syn/V-2023.12-SP4/auxx/tcllib/snps_tcl/snpsTclPro/pkgIndex.tcl
/opt/tools/synopsys/syn/V-2023.12-SP4/auxx/tcllib/snps_tcl/snpsTest/pkgIndex.tcl
/opt/tools/synopsys/syn/V-2023.12-SP4/auxx/tcllib/snps_tcl/pkgIndex.tcl
/opt/tools/synopsys/syn/V-2023.12-SP4/auxx/tcllib/lib/tcl8.6/opt/pkgIndex.tcl
/opt/tools/synopsys/syn/V-2023.12-SP4/auxx/tcllib/lib/tcl8.6/http/pkgIndex.tcl
/opt/tools/synopsys/syn/V-2023.12-SP4/auxx/tcllib/lib/tcl8.6/dde/pkgIndex.tcl
/opt/tools/synopsys/syn/V-2023.12-SP4/auxx/tcllib/lib/tcl8.6/platform/pkgIndex.tcl
/opt/tools/synopsys/syn/V-2023.12-SP4/auxx/tcllib/lib/tcl8.6/http1.0/pkgIndex.tcl
/opt/tools/synopsys/syn/V-2023.12-SP4/auxx/tcllib/lib/tcl8.6/tcltest/pkgIndex.tcl
/opt/tools/synopsys/syn/V-2023.12-SP4/auxx/tcllib/lib/tcl8.6/msgcat/pkgIndex.tcl
/opt/tools/synopsys/syn/V-2023.12-SP4/auxx/tcllib/lib/tcl8.6/reg/pkgIndex.tcl
/opt/tools/synopsys/syn/V-2023.12-SP4/auxx/gui/common/setup/snpsCommonSetup.tcl
/opt/tools/synopsys/syn/V-2023.12-SP4/auxx/gui/common/setup/snpsCustomize.tcl
/opt/tools/synopsys/syn/V-2023.12-SP4/auxx/gui/common/setup/snpsProcheck.tcl
/opt/tools/synopsys/syn/V-2023.12-SP4/auxx/gui/common/misc/base.tcl
/opt/tools/synopsys/syn/V-2023.12-SP4/auxx/gui/common/misc/timing.tcl
/opt/tools/synopsys/syn/V-2023.12-SP4/auxx/gui/common/misc/setting.tcl
/opt/tools/synopsys/syn/V-2023.12-SP4/auxx/gui/common/misc/preset.tcl
/opt/tools/synopsys/syn/V-2023.12-SP4/auxx/gui/common/WindowFrameWork/windowFrameWork.tcl
/opt/tools/synopsys/syn/V-2023.12-SP4/auxx/gui/common/WindowFrameWork/skipBusyCursorCmdList.tcl
/opt/tools/synopsys/syn/V-2023.12-SP4/auxx/gui/common/qtcl/.synopsys_qtcl.tcl
/opt/tools/synopsys/syn/V-2023.12-SP4/auxx/gui/common/highlight/highlight.tcl
/opt/tools/synopsys/syn/V-2023.12-SP4/auxx/gui/common/palettegroup/palettegroup.tcl
/opt/tools/synopsys/syn/V-2023.12-SP4/auxx/gui/common/commandform/commandform.tcl
/opt/tools/synopsys/syn/V-2023.12-SP4/auxx/gui/common/tiledview/tiledview.tcl
/opt/tools/synopsys/syn/V-2023.12-SP4/auxx/gui/common/docBrowser/docBrowser.tcl
/opt/tools/synopsys/syn/V-2023.12-SP4/auxx/tcllib/snps_tcl/snpsUtils/snpsUtils.tcl
/opt/tools/synopsys/syn/V-2023.12-SP4/auxx/gui/common/dialogs/ObjectChooser.tcl
/opt/tools/synopsys/syn/V-2023.12-SP4/auxx/gui/common/misc/DialogObjectChooser.tcl
/opt/tools/synopsys/syn/V-2023.12-SP4/auxx/gui/common/dialogs/HistBinInformation.tcl
/opt/tools/synopsys/syn/V-2023.12-SP4/auxx/gui/common/dialogs/HistBin1Information.tcl
/opt/tools/synopsys/syn/V-2023.12-SP4/auxx/gui/common/dialogs/BinsOnlyInformation.tcl
/opt/tools/synopsys/syn/V-2023.12-SP4/auxx/gui/common/dialogs/FileChooser.tcl
/opt/tools/synopsys/syn/V-2023.12-SP4/auxx/gui/common/dialogs/PathPinSimpleInfo.tcl
/opt/tools/synopsys/syn/V-2023.12-SP4/auxx/gui/common/dialogs/PathsBasicInfo.tcl
/opt/tools/synopsys/syn/V-2023.12-SP4/auxx/gui/common/dialogs/PathsBasicSimpleInfo.tcl
/opt/tools/synopsys/syn/V-2023.12-SP4/auxx/gui/common/dialogs/SlctOperationInfo.tcl
/opt/tools/synopsys/syn/V-2023.12-SP4/auxx/gui/common/dialogs/ObjectListInfo.tcl
/opt/tools/synopsys/syn/V-2023.12-SP4/auxx/gui/common/dialogs/FanInOutInfo.tcl
/opt/tools/synopsys/syn/V-2023.12-SP4/auxx/gui/common/dialogs/NumberOfLevelsChooser.tcl
/opt/tools/synopsys/syn/V-2023.12-SP4/auxx/gui/common/dialogs/WindowReuseInfo.tcl
/opt/tools/synopsys/syn/V-2023.12-SP4/auxx/gui/common/dialogs/ReportOutputOptionInfo.tcl
/opt/tools/synopsys/syn/V-2023.12-SP4/auxx/gui/common/setup/snpsCollections.tcl
/opt/tools/synopsys/syn/V-2023.12-SP4/auxx/gui/common/dialogs/CompileLinkDesign.tcl
/opt/tools/synopsys/syn/V-2023.12-SP4/auxx/gui/common/histogram/base.tcl
/opt/tools/synopsys/syn/V-2023.12-SP4/auxx/gui/common/histogram/DialogNetCapacitance.tcl
/opt/tools/synopsys/syn/V-2023.12-SP4/auxx/gui/common/schematic/DialogPathSchematicFanInOut.tcl
/opt/tools/synopsys/syn/V-2023.12-SP4/auxx/gui/common/schematic/DialogPathSchematicAddPaths.tcl
/opt/tools/synopsys/syn/V-2023.12-SP4/auxx/gui/common/utable/utable_top.tcl
/opt/tools/synopsys/syn/V-2023.12-SP4/auxx/gui/common/utable/utable.tcl
/opt/tools/synopsys/syn/V-2023.12-SP4/auxx/gui/common/utable/utable_timing.tcl
/opt/tools/synopsys/syn/V-2023.12-SP4/auxx/gui/common/utable/utable_plot.tcl
/opt/tools/synopsys/syn/V-2023.12-SP4/auxx/tcllib/lib/tk8.6/tk.tcl
/opt/tools/synopsys/syn/V-2023.12-SP4/auxx/tcllib/lib/tcl8.6/msgcat/msgcat.tcl
/opt/tools/synopsys/syn/V-2023.12-SP4/auxx/tcllib/lib/tk8.6/icons.tcl
/opt/tools/synopsys/syn/V-2023.12-SP4/auxx/tcllib/lib/tk8.6/button.tcl
/opt/tools/synopsys/syn/V-2023.12-SP4/auxx/tcllib/lib/tk8.6/entry.tcl
/opt/tools/synopsys/syn/V-2023.12-SP4/auxx/tcllib/lib/tk8.6/listbox.tcl
/opt/tools/synopsys/syn/V-2023.12-SP4/auxx/tcllib/lib/tk8.6/menu.tcl
/opt/tools/synopsys/syn/V-2023.12-SP4/auxx/tcllib/lib/tk8.6/panedwindow.tcl
/opt/tools/synopsys/syn/V-2023.12-SP4/auxx/tcllib/lib/tk8.6/scale.tcl
/opt/tools/synopsys/syn/V-2023.12-SP4/auxx/tcllib/lib/tk8.6/scrlbar.tcl
/opt/tools/synopsys/syn/V-2023.12-SP4/auxx/tcllib/lib/tk8.6/spinbox.tcl
/opt/tools/synopsys/syn/V-2023.12-SP4/auxx/tcllib/lib/tk8.6/text.tcl
/opt/tools/synopsys/syn/V-2023.12-SP4/auxx/tcllib/lib/tk8.6/ttk/ttk.tcl
/opt/tools/synopsys/syn/V-2023.12-SP4/auxx/tcllib/lib/tk8.6/ttk/fonts.tcl
/opt/tools/synopsys/syn/V-2023.12-SP4/auxx/tcllib/lib/tk8.6/ttk/cursors.tcl
/opt/tools/synopsys/syn/V-2023.12-SP4/auxx/tcllib/lib/tk8.6/ttk/utils.tcl
/opt/tools/synopsys/syn/V-2023.12-SP4/auxx/tcllib/lib/tk8.6/ttk/button.tcl
/opt/tools/synopsys/syn/V-2023.12-SP4/auxx/tcllib/lib/tk8.6/ttk/menubutton.tcl
/opt/tools/synopsys/syn/V-2023.12-SP4/auxx/tcllib/lib/tk8.6/ttk/scrollbar.tcl
/opt/tools/synopsys/syn/V-2023.12-SP4/auxx/tcllib/lib/tk8.6/ttk/scale.tcl
/opt/tools/synopsys/syn/V-2023.12-SP4/auxx/tcllib/lib/tk8.6/ttk/progress.tcl
/opt/tools/synopsys/syn/V-2023.12-SP4/auxx/tcllib/lib/tk8.6/ttk/notebook.tcl
/opt/tools/synopsys/syn/V-2023.12-SP4/auxx/tcllib/lib/tk8.6/ttk/panedwindow.tcl
/opt/tools/synopsys/syn/V-2023.12-SP4/auxx/tcllib/lib/tk8.6/ttk/entry.tcl
/opt/tools/synopsys/syn/V-2023.12-SP4/auxx/tcllib/lib/tk8.6/ttk/combobox.tcl
/opt/tools/synopsys/syn/V-2023.12-SP4/auxx/tcllib/lib/tk8.6/ttk/spinbox.tcl
/opt/tools/synopsys/syn/V-2023.12-SP4/auxx/tcllib/lib/tk8.6/ttk/treeview.tcl
/opt/tools/synopsys/syn/V-2023.12-SP4/auxx/tcllib/lib/tk8.6/ttk/sizegrip.tcl
/opt/tools/synopsys/syn/V-2023.12-SP4/auxx/tcllib/lib/tk8.6/ttk/defaults.tcl
/opt/tools/synopsys/syn/V-2023.12-SP4/auxx/tcllib/lib/tk8.6/ttk/classicTheme.tcl
/opt/tools/synopsys/syn/V-2023.12-SP4/auxx/tcllib/lib/tk8.6/ttk/altTheme.tcl
/opt/tools/synopsys/syn/V-2023.12-SP4/auxx/tcllib/lib/tk8.6/ttk/clamTheme.tcl
/opt/tools/synopsys/syn/V-2023.12-SP4/auxx/tcllib/lib/tix8.4.3/Init.tcl
/opt/tools/synopsys/syn/V-2023.12-SP4/auxx/tcllib/lib/tix8.4.3/fs.tcl
/opt/tools/synopsys/syn/V-2023.12-SP4/auxx/tcllib/lib/tix8.4.3/Tix.tcl
/opt/tools/synopsys/syn/V-2023.12-SP4/auxx/tcllib/lib/tix8.4.3/Event.tcl
/opt/tools/synopsys/syn/V-2023.12-SP4/auxx/tcllib/lib/tix8.4.3/Balloon.tcl
/opt/tools/synopsys/syn/V-2023.12-SP4/auxx/tcllib/lib/tix8.4.3/BtnBox.tcl
/opt/tools/synopsys/syn/V-2023.12-SP4/auxx/tcllib/lib/tix8.4.3/CObjView.tcl
/opt/tools/synopsys/syn/V-2023.12-SP4/auxx/tcllib/lib/tix8.4.3/ChkList.tcl
/opt/tools/synopsys/syn/V-2023.12-SP4/auxx/tcllib/lib/tix8.4.3/ComboBox.tcl
/opt/tools/synopsys/syn/V-2023.12-SP4/auxx/tcllib/lib/tk8.6/unsupported.tcl
/opt/tools/synopsys/syn/V-2023.12-SP4/auxx/tcllib/lib/tix8.4.3/Compat.tcl
/opt/tools/synopsys/syn/V-2023.12-SP4/auxx/tcllib/lib/tix8.4.3/Console.tcl
/opt/tools/synopsys/syn/V-2023.12-SP4/auxx/tcllib/lib/tix8.4.3/Control.tcl
/opt/tools/synopsys/syn/V-2023.12-SP4/auxx/tcllib/lib/tix8.4.3/DefSchm.tcl
/opt/tools/synopsys/syn/V-2023.12-SP4/auxx/tcllib/lib/tix8.4.3/DialogS.tcl
/opt/tools/synopsys/syn/V-2023.12-SP4/auxx/tcllib/lib/tix8.4.3/DirBox.tcl
/opt/tools/synopsys/syn/V-2023.12-SP4/auxx/tcllib/lib/tix8.4.3/DirDlg.tcl
/opt/tools/synopsys/syn/V-2023.12-SP4/auxx/tcllib/lib/tix8.4.3/DirList.tcl
/opt/tools/synopsys/syn/V-2023.12-SP4/auxx/tcllib/lib/tix8.4.3/DirTree.tcl
/opt/tools/synopsys/syn/V-2023.12-SP4/auxx/tcllib/lib/tix8.4.3/DragDrop.tcl
/opt/tools/synopsys/syn/V-2023.12-SP4/auxx/tcllib/lib/tix8.4.3/DtlList.tcl
/opt/tools/synopsys/syn/V-2023.12-SP4/auxx/tcllib/lib/tix8.4.3/EFileBox.tcl
/opt/tools/synopsys/syn/V-2023.12-SP4/auxx/tcllib/lib/tix8.4.3/EFileDlg.tcl
/opt/tools/synopsys/syn/V-2023.12-SP4/auxx/tcllib/lib/tix8.4.3/FileBox.tcl
/opt/tools/synopsys/syn/V-2023.12-SP4/auxx/tcllib/lib/tix8.4.3/FileCbx.tcl
/opt/tools/synopsys/syn/V-2023.12-SP4/auxx/tcllib/lib/tix8.4.3/FileDlg.tcl
/opt/tools/synopsys/syn/V-2023.12-SP4/auxx/tcllib/lib/tix8.4.3/FileEnt.tcl
/opt/tools/synopsys/syn/V-2023.12-SP4/auxx/tcllib/lib/tix8.4.3/FloatEnt.tcl
/opt/tools/synopsys/syn/V-2023.12-SP4/auxx/tcllib/lib/tix8.4.3/Grid.tcl
/opt/tools/synopsys/syn/V-2023.12-SP4/auxx/tcllib/lib/tix8.4.3/HList.tcl
/opt/tools/synopsys/syn/V-2023.12-SP4/auxx/tcllib/lib/tix8.4.3/HListDD.tcl
/opt/tools/synopsys/syn/V-2023.12-SP4/auxx/tcllib/lib/tix8.4.3/IconView.tcl
/opt/tools/synopsys/syn/V-2023.12-SP4/auxx/tcllib/lib/tix8.4.3/LabEntry.tcl
/opt/tools/synopsys/syn/V-2023.12-SP4/auxx/tcllib/lib/tix8.4.3/LabFrame.tcl
/opt/tools/synopsys/syn/V-2023.12-SP4/auxx/tcllib/lib/tix8.4.3/LabWidg.tcl
/opt/tools/synopsys/syn/V-2023.12-SP4/auxx/tcllib/lib/tix8.4.3/ListNBk.tcl
/opt/tools/synopsys/syn/V-2023.12-SP4/auxx/tcllib/lib/tix8.4.3/Meter.tcl
/opt/tools/synopsys/syn/V-2023.12-SP4/auxx/tcllib/lib/tix8.4.3/MultView.tcl
/opt/tools/synopsys/syn/V-2023.12-SP4/auxx/tcllib/lib/tix8.4.3/NoteBook.tcl
/opt/tools/synopsys/syn/V-2023.12-SP4/auxx/tcllib/lib/tix8.4.3/OldUtil.tcl
/opt/tools/synopsys/syn/V-2023.12-SP4/auxx/tcllib/lib/tix8.4.3/OptMenu.tcl
/opt/tools/synopsys/syn/V-2023.12-SP4/auxx/tcllib/lib/tix8.4.3/PanedWin.tcl
/opt/tools/synopsys/syn/V-2023.12-SP4/auxx/tcllib/lib/tix8.4.3/PopMenu.tcl
/opt/tools/synopsys/syn/V-2023.12-SP4/auxx/tcllib/lib/tix8.4.3/Primitiv.tcl
/opt/tools/synopsys/syn/V-2023.12-SP4/auxx/tcllib/lib/tix8.4.3/ResizeH.tcl
/opt/tools/synopsys/syn/V-2023.12-SP4/auxx/tcllib/lib/tix8.4.3/SGrid.tcl
/opt/tools/synopsys/syn/V-2023.12-SP4/auxx/tcllib/lib/tix8.4.3/SHList.tcl
/opt/tools/synopsys/syn/V-2023.12-SP4/auxx/tcllib/lib/tix8.4.3/SListBox.tcl
/opt/tools/synopsys/syn/V-2023.12-SP4/auxx/tcllib/lib/tix8.4.3/STList.tcl
/opt/tools/synopsys/syn/V-2023.12-SP4/auxx/tcllib/lib/tix8.4.3/SText.tcl
/opt/tools/synopsys/syn/V-2023.12-SP4/auxx/tcllib/lib/tix8.4.3/SWidget.tcl
/opt/tools/synopsys/syn/V-2023.12-SP4/auxx/tcllib/lib/tix8.4.3/SWindow.tcl
/opt/tools/synopsys/syn/V-2023.12-SP4/auxx/tcllib/lib/tix8.4.3/Select.tcl
/opt/tools/synopsys/syn/V-2023.12-SP4/auxx/tcllib/lib/tix8.4.3/Shell.tcl
/opt/tools/synopsys/syn/V-2023.12-SP4/auxx/tcllib/lib/tix8.4.3/SimpDlg.tcl
/opt/tools/synopsys/syn/V-2023.12-SP4/auxx/tcllib/lib/tix8.4.3/StackWin.tcl
/opt/tools/synopsys/syn/V-2023.12-SP4/auxx/tcllib/lib/tix8.4.3/StatBar.tcl
/opt/tools/synopsys/syn/V-2023.12-SP4/auxx/tcllib/lib/tix8.4.3/StdBBox.tcl
/opt/tools/synopsys/syn/V-2023.12-SP4/auxx/tcllib/lib/tix8.4.3/StdShell.tcl
/opt/tools/synopsys/syn/V-2023.12-SP4/auxx/tcllib/lib/tix8.4.3/TList.tcl
/opt/tools/synopsys/syn/V-2023.12-SP4/auxx/tcllib/lib/tix8.4.3/Tree.tcl
/opt/tools/synopsys/syn/V-2023.12-SP4/auxx/tcllib/lib/tix8.4.3/Utils.tcl
/opt/tools/synopsys/syn/V-2023.12-SP4/auxx/tcllib/lib/tix8.4.3/VResize.tcl
/opt/tools/synopsys/syn/V-2023.12-SP4/auxx/tcllib/lib/tix8.4.3/VStack.tcl
/opt/tools/synopsys/syn/V-2023.12-SP4/auxx/tcllib/lib/tix8.4.3/VTree.tcl
/opt/tools/synopsys/syn/V-2023.12-SP4/auxx/tcllib/lib/tix8.4.3/Variable.tcl
/opt/tools/synopsys/syn/V-2023.12-SP4/auxx/tcllib/lib/tix8.4.3/WInfo.tcl
/opt/tools/synopsys/syn/V-2023.12-SP4/auxx/gui/common/tq/snpsTkStyle.tcl
/opt/tools/synopsys/syn/V-2023.12-SP4/auxx/tcllib/lib/tk8.6/palette.tcl
/opt/tools/synopsys/syn/V-2023.12-SP4/auxx/tcllib/lib/itk4.1.0/itk.tcl
/opt/tools/synopsys/syn/V-2023.12-SP4/auxx/tcllib/lib/iwidgets4.1/iwidgets.tcl
/opt/tools/synopsys/syn/V-2023.12-SP4/auxx/gui/common/schematic/base.tcl
/opt/tools/synopsys/syn/V-2023.12-SP4/auxx/gui/common/select/baseInternal.tcl
/opt/tools/synopsys/syn/V-2023.12-SP4/auxx/gui/common/schematic/enable.tcl
/opt/tools/synopsys/syn/V-2023.12-SP4/auxx/gui/common/schematic/netlist.tcl
/opt/tools/synopsys/syn/V-2023.12-SP4/auxx/gui/common/schematic/method.tcl
/opt/tools/synopsys/syn/V-2023.12-SP4/auxx/gui/common/misc/createViewType.tcl
/opt/tools/synopsys/syn/V-2023.12-SP4/auxx/gui/common/misc/GuiMenuEnable.tcl
/opt/tools/synopsys/syn/V-2023.12-SP4/auxx/gui/common/view/view_status.tcl
/opt/tools/synopsys/syn/V-2023.12-SP4/auxx/gui/common/menus/base.tcl
/opt/tools/synopsys/syn/V-2023.12-SP4/auxx/gui/common/misc/viewmgr.tcl
/opt/tools/synopsys/syn/V-2023.12-SP4/auxx/gui/common/misc/viewporthistory.tcl
/opt/tools/synopsys/syn/V-2023.12-SP4/auxx/gui/common/misc/infotip.tcl
/opt/tools/synopsys/syn/V-2023.12-SP4/auxx/gui/common/timing/base.tcl
/opt/tools/synopsys/syn/V-2023.12-SP4/auxx/gui/common/acg/base.tcl
/opt/tools/synopsys/syn/V-2023.12-SP4/auxx/gui/dv/dv_path_cat_view.tcl
/opt/tools/synopsys/syn/V-2023.12-SP4/auxx/gui/common/table/table.tcl
/opt/tools/synopsys/syn/V-2023.12-SP4/auxx/gui/common/table/table_internal.tcl
/opt/tools/synopsys/syn/V-2023.12-SP4/auxx/gui/common/propertyEditor/base.tcl
/home/jacome/Desktop/IL2225_project_v2/SiLagoNN/syn/scr/dc_flat.tcl
/home/jacome/Desktop/IL2225_project_v2/SiLagoNN/syn/synopsys_dc.setup
/home/jacome/Desktop/IL2225_project_v2/SiLagoNN/rtl/DW/DW_div_function.inc
/home/jacome/Desktop/IL2225_project_v2/SiLagoNN/rtl/DW/DW_div.v
/opt/pdk/gfip/22FDX-EXT/GF22FDX_SC8T_104CPP_BASE_CSC28L_FDK_RELV06R60/model/timing/ccs_db/GF22FDX_SC8T_104CPP_BASE_CSC28L_FFG_0P72V_0P00V_0P00V_0P00V_M40C_ccs.db
/opt/tools/synopsys/syn/V-2023.12-SP4/libraries/syn/dw_foundation.sldb
/opt/tools/synopsys/syn/V-2023.12-SP4/libraries/syn/standard.sldb
/home/jacome/Desktop/IL2225_project_v2/SiLagoNN/rtl/DW/DW_div_pipe.v
/home/jacome/Desktop/IL2225_project_v2/SiLagoNN/rtl/hw_setting.vhd
/home/jacome/Desktop/IL2225_project_v2/SiLagoNN/rtl/mtrf/isa.vhd
/home/jacome/Desktop/IL2225_project_v2/SiLagoNN/rtl/mtrf/misc.vhd
/home/jacome/Desktop/IL2225_project_v2/SiLagoNN/rtl/mtrf/top_consts_types_package.vhd
/home/jacome/Desktop/IL2225_project_v2/SiLagoNN/rtl/mtrf/util_package.vhd
/home/jacome/Desktop/IL2225_project_v2/SiLagoNN/rtl/functions.vhd
/home/jacome/Desktop/IL2225_project_v2/SiLagoNN/rtl/mtrf/tb_instructions.vhd
/home/jacome/Desktop/IL2225_project_v2/SiLagoNN/rtl/dimarch/noc_types_n_constants.vhd
/home/jacome/Desktop/IL2225_project_v2/SiLagoNN/rtl/dimarch/crossbar_types_n_constants.vhd
/home/jacome/Desktop/IL2225_project_v2/SiLagoNN/rtl/mtrf/DPU/DPU_pkg.vhd
/home/jacome/Desktop/IL2225_project_v2/SiLagoNN/rtl/mtrf/shadowReg.vhd
/home/jacome/Desktop/IL2225_project_v2/SiLagoNN/rtl/mtrf/shadowReg_AGU.vhd
/home/jacome/Desktop/IL2225_project_v2/SiLagoNN/rtl/mtrf/seq_functions_package.vhd
/home/jacome/Desktop/IL2225_project_v2/SiLagoNN/rtl/mtrf/addr_assign.vhd
/home/jacome/Desktop/IL2225_project_v2/SiLagoNN/rtl/mtrf/addr_assign_drra_top_l_corner.vhd
/home/jacome/Desktop/IL2225_project_v2/SiLagoNN/rtl/mtrf/AGU.vhd
/home/jacome/Desktop/IL2225_project_v2/SiLagoNN/rtl/mtrf/AGU_RFblock.vhd
/home/jacome/Desktop/IL2225_project_v2/SiLagoNN/rtl/mtrf/bus_selector.vhd
/home/jacome/Desktop/IL2225_project_v2/SiLagoNN/rtl/mtrf/cell_config_swb.vhd
/home/jacome/Desktop/IL2225_project_v2/SiLagoNN/rtl/mtrf/data_selector.vhd
/home/jacome/Desktop/IL2225_project_v2/SiLagoNN/rtl/mtrf/InputMux.vhd
/home/jacome/Desktop/IL2225_project_v2/SiLagoNN/rtl/mtrf/priorityComponent.vhd
/home/jacome/Desktop/IL2225_project_v2/SiLagoNN/rtl/mtrf/priorityMux.vhd
/home/jacome/Desktop/IL2225_project_v2/SiLagoNN/rtl/mtrf/autoloop.vhd
/home/jacome/Desktop/IL2225_project_v2/SiLagoNN/rtl/mtrf/RACCU.vhd
/home/jacome/Desktop/IL2225_project_v2/SiLagoNN/rtl/mtrf/RaccuRF.vhd
/home/jacome/Desktop/IL2225_project_v2/SiLagoNN/rtl/mtrf/RaccuAndLoop.vhd
/home/jacome/Desktop/IL2225_project_v2/SiLagoNN/rtl/mtrf/register_row.vhd
/home/jacome/Desktop/IL2225_project_v2/SiLagoNN/rtl/mtrf/register_file.vhd
/home/jacome/Desktop/IL2225_project_v2/SiLagoNN/rtl/mtrf/register_file_top.vhd
/home/jacome/Desktop/IL2225_project_v2/SiLagoNN/rtl/mtrf/DPU/DPU_pkg.vhd
/home/jacome/Desktop/IL2225_project_v2/SiLagoNN/rtl/mtrf/sequencer.vhd
/home/jacome/Desktop/IL2225_project_v2/SiLagoNN/rtl/mtrf/switchbox.vhd
/home/jacome/Desktop/IL2225_project_v2/SiLagoNN/rtl/mtrf/DPU/adder_nbits.vhd
/home/jacome/Desktop/IL2225_project_v2/SiLagoNN/rtl/mtrf/DPU/divider_pipe.vhd
/home/jacome/Desktop/IL2225_project_v2/SiLagoNN/rtl/mtrf/DPU/Maxmin_Unit.vhd
/home/jacome/Desktop/IL2225_project_v2/SiLagoNN/rtl/mtrf/DPU/offset_gen.vhd
/home/jacome/Desktop/IL2225_project_v2/SiLagoNN/rtl/mtrf/DPU/Q_format_n_to_one.vhd
/home/jacome/Desktop/IL2225_project_v2/SiLagoNN/rtl/mtrf/DPU/Q_format_one_to_n.vhd
/home/jacome/Desktop/IL2225_project_v2/SiLagoNN/rtl/mtrf/DPU/Sat_n_round.vhd
/home/jacome/Desktop/IL2225_project_v2/SiLagoNN/rtl/mtrf/DPU/Saturation_Unit.vhd
/home/jacome/Desktop/IL2225_project_v2/SiLagoNN/rtl/mtrf/DPU/scaler.vhd
/home/jacome/Desktop/IL2225_project_v2/SiLagoNN/rtl/mtrf/DPU/Shift_Unit.vhd
/home/jacome/Desktop/IL2225_project_v2/SiLagoNN/rtl/mtrf/DPU/Squash_Unit.vhd
/home/jacome/Desktop/IL2225_project_v2/SiLagoNN/rtl/mtrf/DPU/twos_compl.vhd
/home/jacome/Desktop/IL2225_project_v2/SiLagoNN/rtl/mtrf/DPU/conf_mul_Beh.vhd
/home/jacome/Desktop/IL2225_project_v2/SiLagoNN/rtl/mtrf/DPU/nacu.vhd
/home/jacome/Desktop/IL2225_project_v2/SiLagoNN/rtl/mtrf/DPU/DPU.vhd
/home/jacome/Desktop/IL2225_project_v2/SiLagoNN/rtl/mtrf/MTRF_cell.vhd
/home/jacome/Desktop/IL2225_project_v2/SiLagoNN/rtl/mtrf/silego.vhd
/home/jacome/Desktop/IL2225_project_v2/SiLagoNN/rtl/mtrf/Silago_top_left_corner.vhd
/home/jacome/Desktop/IL2225_project_v2/SiLagoNN/rtl/mtrf/Silago_top.vhd
/home/jacome/Desktop/IL2225_project_v2/SiLagoNN/rtl/mtrf/Silago_top_right_corner.vhd
/home/jacome/Desktop/IL2225_project_v2/SiLagoNN/rtl/mtrf/Silago_bot_left_corner.vhd
/home/jacome/Desktop/IL2225_project_v2/SiLagoNN/rtl/mtrf/Silago_bot.vhd
/home/jacome/Desktop/IL2225_project_v2/SiLagoNN/rtl/mtrf/Silago_bot_right_corner.vhd
/home/jacome/Desktop/IL2225_project_v2/SiLagoNN/rtl/mtrf/drra_wrapper.vhd
/opt/tools/synopsys/syn/V-2023.12-SP4/libraries/syn/gtech.db
/home/jacome/Desktop/IL2225_project_v2/SiLagoNN/syn/constraints.sdc
/opt/pdk/gfip/22FDX-EXT/GF22FDX_SC8T_104CPP_BASE_CSC28L_FDK_RELV06R60/model/timing/ccs_db/GF22FDX_SC8T_104CPP_BASE_CSC28L_FFG_0P72V_0P00V_0P00V_0P00V_M40C_ccs.db
